../Core/Src/main.c:95:6:zeros	24	static
../Core/Src/main.c:108:6:productoEscalar32	32	static
../Core/Src/main.c:121:6:productoEscalar16	32	static
../Core/Src/main.c:134:6:productoEscalar12	32	static
../Core/Src/main.c:156:6:filtroVentana10	40	static
../Core/Src/main.c:184:13:PrivilegiosSVC	40	static,ignoring_inline_asm
../Core/Src/main.c:244:5:main	56	static
../Core/Src/main.c:309:6:SystemClock_Config	88	static
../Core/Src/main.c:355:13:MX_ETH_Init	8	static
../Core/Src/main.c:404:13:MX_USART3_UART_Init	8	static
../Core/Src/main.c:437:13:MX_USB_OTG_FS_PCD_Init	8	static
../Core/Src/main.c:472:13:MX_GPIO_Init	56	static
../Core/Src/main.c:526:6:Error_Handler	4	static,ignoring_inline_asm
