../Core/Src/main.c:103:6:zeros	24	static
../Core/Src/main.c:116:6:productoEscalar32	32	static
../Core/Src/main.c:129:6:productoEscalar16	32	static
../Core/Src/main.c:142:6:productoEscalar12	32	static
../Core/Src/main.c:163:6:filtroVentana10	40	static
../Core/Src/main.c:195:6:pack32to16	32	static
../Core/Src/main.c:213:9:max	32	static
../Core/Src/main.c:234:6:downsampleM	40	static
../Core/Src/main.c:263:6:invertir	32	static
../Core/Src/main.c:286:13:PrivilegiosSVC	40	static,ignoring_inline_asm
../Core/Src/main.c:346:5:main	56	static
../Core/Src/main.c:411:6:SystemClock_Config	88	static
../Core/Src/main.c:457:13:MX_ETH_Init	8	static
../Core/Src/main.c:506:13:MX_USART3_UART_Init	8	static
../Core/Src/main.c:539:13:MX_USB_OTG_FS_PCD_Init	8	static
../Core/Src/main.c:574:13:MX_GPIO_Init	56	static
../Core/Src/main.c:628:6:Error_Handler	4	static,ignoring_inline_asm
